
> Configure project :
Fabric Loom: 1.16.1

> Task :compileJava FAILED
.\gradlew : C:\Users\eirik\.gemini\antigravity\scratch\lifesteal\src\main\java\com\lifesteal\items\HeartItem.java:16: 
error: cannot find symbol
At line:1 char:1
+ .\gradlew compileJava > errors.txt 2>&1
+ ~~~~~~~~~~~~~~~~~~~~~~~~~~~~~~~~~~~~~~~
    + CategoryInfo          : NotSpecified: (C:\Users\eirik\...not find symbol:String) [], RemoteException
    + FullyQualifiedErrorId : NativeCommandError
 
import net.minecraft.util.TypedActionResult;
                         ^
  symbol:   class TypedActionResult
  location: package net.minecraft.util
C:\Users\eirik\.gemini\antigravity\scratch\lifesteal\src\main\java\com\lifesteal\items\HeartItem.java:25: error: 
cannot find symbol
    public TypedActionResult<ItemStack> use(World world, PlayerEntity user, Hand hand) {
           ^
  symbol:   class TypedActionResult
  location: class HeartItem
C:\Users\eirik\.gemini\antigravity\scratch\lifesteal\src\main\java\com\lifesteal\items\ModRecipes.java:5: error: 
cannot find symbol
import net.minecraft.recipe.SpecialRecipeSerializer;
                           ^
  symbol:   class SpecialRecipeSerializer
  location: package net.minecraft.recipe
C:\Users\eirik\.gemini\antigravity\scratch\lifesteal\src\main\java\com\lifesteal\items\ReviveTotemItem.java:12: error: 
cannot find symbol
import net.minecraft.util.TypedActionResult;
                         ^
  symbol:   class TypedActionResult
  location: package net.minecraft.util
C:\Users\eirik\.gemini\antigravity\scratch\lifesteal\src\main\java\com\lifesteal\items\ReviveTotemItem.java:21: error: 
cannot find symbol
    public TypedActionResult<ItemStack> use(World world, PlayerEntity user, Hand hand) {
                                                         ^
  symbol:   class PlayerEntity
  location: class ReviveTotemItem
C:\Users\eirik\.gemini\antigravity\scratch\lifesteal\src\main\java\com\lifesteal\items\ReviveTotemItem.java:21: error: 
cannot find symbol
    public TypedActionResult<ItemStack> use(World world, PlayerEntity user, Hand hand) {
           ^
  symbol:   class TypedActionResult
  location: class ReviveTotemItem
C:\Users\eirik\.gemini\antigravity\scratch\lifesteal\src\main\java\com\lifesteal\combatlog\CombatDummy.java:29: error: 
cannot find symbol
        ServerWorld world = (ServerWorld) player.getWorld();
                                                ^
  symbol:   method getWorld()
  location: variable player of type ServerPlayerEntity
C:\Users\eirik\.gemini\antigravity\scratch\lifesteal\src\main\java\com\lifesteal\combatlog\CombatDummy.java:37: error: 
incompatible types: RegistryKey<VillagerType> cannot be converted to RegistryEntry<VillagerType>
        dummy.setVillagerData(dummy.getVillagerData().withType(VillagerType.JUNGLE));
                                                                           ^
C:\Users\eirik\.gemini\antigravity\scratch\lifesteal\src\main\java\com\lifesteal\combatlog\CombatDummy.java:41: error: 
cannot find symbol
        lifestealData.putUuid("owner", player.getUuid());
                     ^
  symbol:   method putUuid(String,UUID)
  location: variable lifestealData of type NbtCompound
C:\Users\eirik\.gemini\antigravity\scratch\lifesteal\src\main\java\com\lifesteal\combatlog\CombatDummy.java:49: error: 
cannot find symbol
                NbtCompound itemNbt = (NbtCompound) stack.encode(player.getRegistryManager());
                                                         ^
  symbol:   method encode(DynamicRegistryManager)
  location: variable stack of type ItemStack
C:\Users\eirik\.gemini\antigravity\scratch\lifesteal\src\main\java\com\lifesteal\combatlog\CombatDummy.java:56: error: 
cannot find symbol
        dummy.set(DataComponentTypes.CUSTOM_DATA, NbtComponent.of(lifestealData));
             ^
  symbol:   method set(ComponentType<NbtComponent>,NbtComponent)
  location: variable dummy of type VillagerEntity
C:\Users\eirik\.gemini\antigravity\scratch\lifesteal\src\main\java\com\lifesteal\combatlog\CombatDummy.java:66: error: 
bad operand type Optional<Boolean> for unary operator '!'
        if (!lifestealData.getBoolean("combatlog")) return;
            ^
C:\Users\eirik\.gemini\antigravity\scratch\lifesteal\src\main\java\com\lifesteal\combatlog\CombatDummy.java:68: error: 
cannot find symbol
        UUID ownerUuid = lifestealData.getUuid("owner");
                                      ^
  symbol:   method getUuid(String)
  location: variable lifestealData of type NbtCompound
C:\Users\eirik\.gemini\antigravity\scratch\lifesteal\src\main\java\com\lifesteal\combatlog\CombatDummy.java:69: error: 
cannot find symbol
        MinecraftServer server = dummy.getServer();
                                      ^
  symbol:   method getServer()
  location: variable dummy of type VillagerEntity
C:\Users\eirik\.gemini\antigravity\scratch\lifesteal\src\main\java\com\lifesteal\combatlog\CombatDummy.java:71: error: 
method getList in class NbtCompound cannot be applied to given types;
        NbtList lootList = lifestealData.getList("loot", NbtElement.COMPOUND_TYPE);
                                        ^
  required: String
  found:    String,byte
  reason: actual and formal argument lists differ in length
C:\Users\eirik\.gemini\antigravity\scratch\lifesteal\src\main\java\com\lifesteal\combatlog\CombatDummy.java:73: error: 
incompatible types: Optional<NbtCompound> cannot be converted to NbtCompound
            NbtCompound itemNbt = lootList.getCompound(i);
                                                      ^
C:\Users\eirik\.gemini\antigravity\scratch\lifesteal\src\main\java\com\lifesteal\combatlog\CombatDummy.java:74: error: 
cannot find symbol
            ItemStack.fromNbtOrEmpty(dummy.getRegistryManager(), itemNbt); // Wait, this returns an ItemStack
                     ^
  symbol:   method fromNbtOrEmpty(DynamicRegistryManager,NbtCompound)
  location: class ItemStack
C:\Users\eirik\.gemini\antigravity\scratch\lifesteal\src\main\java\com\lifesteal\combatlog\CombatDummy.java:75: error: 
cannot find symbol
            dummy.dropStack(ItemStack.fromNbtOrEmpty(dummy.getRegistryManager(), itemNbt));
                                     ^
  symbol:   method fromNbtOrEmpty(DynamicRegistryManager,NbtCompound)
  location: class ItemStack
C:\Users\eirik\.gemini\antigravity\scratch\lifesteal\src\main\java\com\lifesteal\combatlog\CombatDummy.java:91: error: 
cannot find symbol
                server.getUserCache().getByUuid(ownerUuid).orElse(null), 
                      ^
  symbol:   method getUserCache()
  location: variable server of type MinecraftServer
C:\Users\eirik\.gemini\antigravity\scratch\lifesteal\src\main\java\com\lifesteal\combatlog\CombatDummy.java:110: 
error: cannot find symbol
        ServerWorld world = (ServerWorld) player.getWorld();
                                                ^
  symbol:   method getWorld()
  location: variable player of type ServerPlayerEntity
C:\Users\eirik\.gemini\antigravity\scratch\lifesteal\src\main\java\com\lifesteal\combatlog\CombatDummy.java:118: 
error: cannot find symbol
                    if (lifesteal.getBoolean("combatlog") && lifesteal.getUuid("owner").equals(uuid)) {
                                                                      ^
  symbol:   method getUuid(String)
  location: variable lifesteal of type NbtCompound
C:\Users\eirik\.gemini\antigravity\scratch\lifesteal\src\main\java\com\lifesteal\combatlog\CombatDummy.java:119: 
error: method getList in class NbtCompound cannot be applied to given types;
                        NbtList lootList = lifesteal.getList("loot", NbtElement.COMPOUND_TYPE);
                                                    ^
  required: String
  found:    String,byte
  reason: actual and formal argument lists differ in length
C:\Users\eirik\.gemini\antigravity\scratch\lifesteal\src\main\java\com\lifesteal\combatlog\CombatDummy.java:121: 
error: incompatible types: Optional<NbtCompound> cannot be converted to NbtCompound
                            NbtCompound itemNbt = lootList.getCompound(i);
                                                                      ^
C:\Users\eirik\.gemini\antigravity\scratch\lifesteal\src\main\java\com\lifesteal\combatlog\CombatDummy.java:122: 
error: incompatible types: Optional<Integer> cannot be converted to int
                            int slot = itemNbt.getInt("Slot");
                                                     ^
C:\Users\eirik\.gemini\antigravity\scratch\lifesteal\src\main\java\com\lifesteal\combatlog\CombatDummy.java:123: 
error: cannot find symbol
                            ItemStack stack = ItemStack.fromNbtOrEmpty(player.getRegistryManager(), itemNbt);
                                                       ^
  symbol:   method fromNbtOrEmpty(DynamicRegistryManager,NbtCompound)
  location: class ItemStack
C:\Users\eirik\.gemini\antigravity\scratch\lifesteal\src\main\java\com\lifesteal\commands\LifestealCommand.java:28: 
error: incompatible types: Collection<PlayerConfigEntry> cannot be converted to Collection<GameProfile>
                            .executes(context -> gift(context.getSource(), 
GameProfileArgumentType.getProfileArgument(context, "player"), IntegerArgumentType.getInteger(context, "amount"))))))
                                                                                                                     ^
C:\Users\eirik\.gemini\antigravity\scratch\lifesteal\src\main\java\com\lifesteal\commands\LifestealCommand.java:31: 
error: incompatible types: int cannot be converted to PermissionCheck
                    .requires(CommandManager.requirePermissionLevel(2))
                                                                    ^
C:\Users\eirik\.gemini\antigravity\scratch\lifesteal\src\main\java\com\lifesteal\commands\LifestealCommand.java:37: 
error: incompatible types: int cannot be converted to PermissionCheck
                    .requires(CommandManager.requirePermissionLevel(2))
                                                                    ^
C:\Users\eirik\.gemini\antigravity\scratch\lifesteal\src\main\java\com\lifesteal\commands\LifestealCommand.java:43: 
error: incompatible types: int cannot be converted to PermissionCheck
                    .requires(CommandManager.requirePermissionLevel(2))
                                                                    ^
C:\Users\eirik\.gemini\antigravity\scratch\lifesteal\src\main\java\com\lifesteal\commands\LifestealCommand.java:49: 
error: incompatible types: int cannot be converted to PermissionCheck
                    .requires(CommandManager.requirePermissionLevel(2))
                                                                    ^
C:\Users\eirik\.gemini\antigravity\scratch\lifesteal\src\main\java\com\lifesteal\commands\LifestealCommand.java:54: 
error: incompatible types: int cannot be converted to PermissionCheck
                    .requires(CommandManager.requirePermissionLevel(2))
                                                                    ^
C:\Users\eirik\.gemini\antigravity\scratch\lifesteal\src\main\java\com\lifesteal\commands\LifestealCommand.java:59: 
error: incompatible types: int cannot be converted to PermissionCheck
                    .requires(CommandManager.requirePermissionLevel(2))
                                                                    ^
C:\Users\eirik\.gemini\antigravity\scratch\lifesteal\src\main\java\com\lifesteal\commands\LifestealCommand.java:161: 
error: incompatible types: GameProfile cannot be converted to PlayerConfigEntry
            if (source.getServer().getPlayerManager().getUserBanList().contains(profile)) {
                                                                                ^
C:\Users\eirik\.gemini\antigravity\scratch\lifesteal\src\main\java\com\lifesteal\events\EventWiring.java:22: error: 
cannot find symbol
                    HeartPersistentState state = HeartPersistentState.getServerState(killer.getServer());
                    ^
  symbol:   class HeartPersistentState
  location: class EventWiring
C:\Users\eirik\.gemini\antigravity\scratch\lifesteal\src\main\java\com\lifesteal\events\EventWiring.java:22: error: 
cannot find symbol
                    HeartPersistentState state = HeartPersistentState.getServerState(killer.getServer());
                                                 ^
  symbol:   variable HeartPersistentState
  location: class EventWiring
C:\Users\eirik\.gemini\antigravity\scratch\lifesteal\src\main\java\com\lifesteal\events\EventWiring.java:22: error: 
cannot find symbol
                    HeartPersistentState state = HeartPersistentState.getServerState(killer.getServer());
                                                                                           ^
  symbol:   method getServer()
  location: variable killer of type ServerPlayerEntity
C:\Users\eirik\.gemini\antigravity\scratch\lifesteal\src\main\java\com\lifesteal\events\EventWiring.java:23: error: 
cannot find symbol
                    UUID victimUuid = victim.getUuid();
                    ^
  symbol:   class UUID
  location: class EventWiring
C:\Users\eirik\.gemini\antigravity\scratch\lifesteal\src\main\java\com\lifesteal\events\EventWiring.java:24: error: 
cannot find symbol
                    UUID killerUuid = killer.getUuid();
                    ^
  symbol:   class UUID
  location: class EventWiring
C:\Users\eirik\.gemini\antigravity\scratch\lifesteal\src\main\java\com\lifesteal\events\EventWiring.java:48: error: 
cannot find symbol
                    HeartPersistentState state = HeartPersistentState.getServerState(victim.getServer());
                    ^
  symbol:   class HeartPersistentState
  location: class EventWiring
C:\Users\eirik\.gemini\antigravity\scratch\lifesteal\src\main\java\com\lifesteal\events\EventWiring.java:48: error: 
cannot find symbol
                    HeartPersistentState state = HeartPersistentState.getServerState(victim.getServer());
                                                 ^
  symbol:   variable HeartPersistentState
  location: class EventWiring
C:\Users\eirik\.gemini\antigravity\scratch\lifesteal\src\main\java\com\lifesteal\events\EventWiring.java:48: error: 
cannot find symbol
                    HeartPersistentState state = HeartPersistentState.getServerState(victim.getServer());
                                                                                           ^
  symbol:   method getServer()
  location: variable victim of type ServerPlayerEntity
C:\Users\eirik\.gemini\antigravity\scratch\lifesteal\src\main\java\com\lifesteal\hearts\HeartManager.java:26: error: 
cannot find symbol
        HeartPersistentState state = HeartPersistentState.getServerState(player.getServer());
                                                                               ^
  symbol:   method getServer()
  location: variable player of type ServerPlayerEntity
C:\Users\eirik\.gemini\antigravity\scratch\lifesteal\src\main\java\com\lifesteal\hearts\HeartManager.java:55: error: 
cannot find symbol
        HeartPersistentState state = HeartPersistentState.getServerState(player.getServer());
                                                                               ^
  symbol:   method getServer()
  location: variable player of type ServerPlayerEntity
C:\Users\eirik\.gemini\antigravity\scratch\lifesteal\src\main\java\com\lifesteal\hearts\HeartManager.java:80: error: 
cannot find symbol
        MinecraftServer server = player.getServer();
                                       ^
  symbol:   method getServer()
  location: variable player of type ServerPlayerEntity
C:\Users\eirik\.gemini\antigravity\scratch\lifesteal\src\main\java\com\lifesteal\hearts\HeartManager.java:89: error: 
incompatible types: GameProfile cannot be converted to PlayerConfigEntry
        BannedPlayerEntry entry = new BannedPlayerEntry(profile, Instant.now(), "LifestealMod", null, 
reason.getString());
                                                        ^
C:\Users\eirik\.gemini\antigravity\scratch\lifesteal\src\main\java\com\lifesteal\hearts\HeartManager.java:99: error: 
no suitable method found for remove(GameProfile)
        server.getPlayerManager().getUserBanList().remove(profile);
                                                  ^
    method ServerConfigList.remove(ServerConfigEntry<PlayerConfigEntry>) is not applicable
      (argument mismatch; GameProfile cannot be converted to ServerConfigEntry<PlayerConfigEntry>)
    method BannedPlayerList.remove(PlayerConfigEntry) is not applicable
      (argument mismatch; GameProfile cannot be converted to PlayerConfigEntry)
C:\Users\eirik\.gemini\antigravity\scratch\lifesteal\src\main\java\com\lifesteal\hearts\HeartManager.java:102: error: 
cannot find symbol
        state.setHearts(profile.getId(), 4);
                               ^
  symbol:   method getId()
  location: variable profile of type GameProfile
C:\Users\eirik\.gemini\antigravity\scratch\lifesteal\src\main\java\com\lifesteal\hearts\HeartPersistentState.java:45: 
error: method does not override or implement a method from a supertype
    @Override
    ^
C:\Users\eirik\.gemini\antigravity\scratch\lifesteal\src\main\java\com\lifesteal\hearts\HeartPersistentState.java:65: 
error: incompatible types: Optional<NbtCompound> cannot be converted to NbtCompound
        NbtCompound heartData = nbt.getCompound("playerHearts");
                                               ^
C:\Users\eirik\.gemini\antigravity\scratch\lifesteal\src\main\java\com\lifesteal\hearts\HeartPersistentState.java:69: 
error: incompatible types: Optional<Integer> cannot be converted to Integer
                state.heartMap.put(uuid, heartData.getInt(key)); 
                                                         ^
C:\Users\eirik\.gemini\antigravity\scratch\lifesteal\src\main\java\com\lifesteal\hearts\HeartPersistentState.java:73: 
error: incompatible types: Optional<NbtCompound> cannot be converted to NbtCompound
        NbtCompound killData = nbt.getCompound("playerKills");
                                              ^
C:\Users\eirik\.gemini\antigravity\scratch\lifesteal\src\main\java\com\lifesteal\hearts\HeartPersistentState.java:77: 
error: incompatible types: Optional<Integer> cannot be converted to Integer
                state.killMap.put(uuid, killData.getInt(key)); 
                                                       ^
C:\Users\eirik\.gemini\antigravity\scratch\lifesteal\src\main\java\com\lifesteal\hearts\HeartPersistentState.java:81: 
error: incompatible types: Optional<NbtCompound> cannot be converted to NbtCompound
        NbtCompound streakData = nbt.getCompound("playerStreaks");
                                                ^
C:\Users\eirik\.gemini\antigravity\scratch\lifesteal\src\main\java\com\lifesteal\hearts\HeartPersistentState.java:85: 
error: incompatible types: Optional<Integer> cannot be converted to Integer
                state.streakMap.put(uuid, streakData.getInt(key)); 
                                                           ^
C:\Users\eirik\.gemini\antigravity\scratch\lifesteal\src\main\java\com\lifesteal\hearts\HeartPersistentState.java:96: 
error: cannot find symbol

            new PersistentState.Type<>(
                               ^
  symbol:   class Type
[Incubating] Problems report is available at: file:///C:/Users/eirik/.gemini/antigravity/scratch/lifesteal/build/reports/problems/problems-report.html
  location: class PersistentState
C:\Users\eirik\.gemini\antigravity\scratch\lifesteal\src\main\java\com\lifesteal\items\HeartItem.java:48: error: 
cannot find symbol
                        return TypedActionResult.success(stack);
                               ^
  symbol:   variable TypedActionResult
  location: class HeartItem
C:\Users\eirik\.gemini\antigravity\scratch\lifesteal\src\main\java\com\lifesteal\items\HeartItem.java:54: error: 
cannot find symbol
        return TypedActionResult.pass(stack);
               ^
  symbol:   variable TypedActionResult
  location: class HeartItem
C:\Users\eirik\.gemini\antigravity\scratch\lifesteal\src\main\java\com\lifesteal\items\ModRecipes.java:11: error: 
cannot find symbol
    public static final RecipeSerializer<ReviveTotemRecipe> REVIVE_TOTEM_SERIALIZER = new 
SpecialRecipeSerializer<>(ReviveTotemRecipe::new);
                                                                                          ^
  symbol:   class SpecialRecipeSerializer
  location: class ModRecipes
C:\Users\eirik\.gemini\antigravity\scratch\lifesteal\src\main\java\com\lifesteal\items\ReviveTotemRecipe.java:15: 
error: ReviveTotemRecipe is not abstract and does not override abstract method getSerializer() in SpecialCraftingRecipe
public class ReviveTotemRecipe extends SpecialCraftingRecipe {
       ^
C:\Users\eirik\.gemini\antigravity\scratch\lifesteal\src\main\java\com\lifesteal\items\ReviveTotemRecipe.java:61: 
error: getSerializer() in ReviveTotemRecipe cannot override getSerializer() in SpecialCraftingRecipe
    public RecipeSerializer<?> getSerializer() {
                               ^
  return type RecipeSerializer<?> is not compatible with RecipeSerializer<? extends SpecialCraftingRecipe>
C:\Users\eirik\.gemini\antigravity\scratch\lifesteal\src\main\java\com\lifesteal\items\ReviveTotemRecipe.java:55: 
error: method does not override or implement a method from a supertype
    @Override
    ^
C:\Users\eirik\.gemini\antigravity\scratch\lifesteal\src\main\java\com\lifesteal\items\ReviveTotemRecipe.java:60: 
error: method does not override or implement a method from a supertype
    @Override
    ^
C:\Users\eirik\.gemini\antigravity\scratch\lifesteal\src\main\java\com\lifesteal\items\ReviveGui.java:19: error: 
cannot find symbol
        Collection<GameProfile> bannedProfiles = 
player.getServer().getPlayerManager().getUserBanList().values().stream()
                                                       ^
  symbol:   method getServer()
  location: variable player of type ServerPlayerEntity
C:\Users\eirik\.gemini\antigravity\scratch\lifesteal\src\main\java\com\lifesteal\items\ReviveGui.java:51: error: 
cannot find symbol
                    HeartManager.revivePlayer(player.getServer(), target);
                                                    ^
  symbol:   method getServer()
  location: variable player of type ServerPlayerEntity
C:\Users\eirik\.gemini\antigravity\scratch\lifesteal\src\main\java\com\lifesteal\items\ReviveTotemItem.java:32: error: 
cannot find symbol
                        return TypedActionResult.success(stack);
                               ^
  symbol:   variable TypedActionResult
  location: class ReviveTotemItem
C:\Users\eirik\.gemini\antigravity\scratch\lifesteal\src\main\java\com\lifesteal\items\ReviveTotemItem.java:38: error: 
cannot find symbol
        return TypedActionResult.pass(stack);
               ^
  symbol:   variable TypedActionResult
  location: class ReviveTotemItem
Note: Some messages have been simplified; recompile with -Xdiags:verbose to get full output
66 errors

FAILURE: Build failed with an exception.

* What went wrong:
Execution failed for task ':compileJava'.
> Compilation failed; see the compiler output below.
  C:\Users\eirik\.gemini\antigravity\scratch\lifesteal\src\main\java\com\lifesteal\combatlog\CombatDummy.java:71: 
error: method getList in class NbtCompound cannot be applied to given types;
          NbtList lootList = lifestealData.getList("loot", NbtElement.COMPOUND_TYPE);
                                          ^
    required: String
    found:    String,byte
    reason: actual and formal argument lists differ in length
  C:\Users\eirik\.gemini\antigravity\scratch\lifesteal\src\main\java\com\lifesteal\combatlog\CombatDummy.java:119: 
error: method getList in class NbtCompound cannot be applied to given types;
                          NbtList lootList = lifesteal.getList("loot", NbtElement.COMPOUND_TYPE);
                                                      ^
    required: String
    found:    String,byte
    reason: actual and formal argument lists differ in length
  C:\Users\eirik\.gemini\antigravity\scratch\lifesteal\src\main\java\com\lifesteal\hearts\HeartManager.java:99: error: 
no suitable method found for remove(GameProfile)
          server.getPlayerManager().getUserBanList().remove(profile);
                                                    ^
      method ServerConfigList.remove(ServerConfigEntry<PlayerConfigEntry>) is not applicable
        (argument mismatch; GameProfile cannot be converted to ServerConfigEntry<PlayerConfigEntry>)
      method BannedPlayerList.remove(PlayerConfigEntry) is not applicable
        (argument mismatch; GameProfile cannot be converted to PlayerConfigEntry)
  C:\Users\eirik\.gemini\antigravity\scratch\lifesteal\src\main\java\com\lifesteal\combatlog\CombatDummy.java:66: 
error: bad operand type Optional<Boolean> for unary operator '!'
          if (!lifestealData.getBoolean("combatlog")) return;
              ^
  C:\Users\eirik\.gemini\antigravity\scratch\lifesteal\src\main\java\com\lifesteal\items\ReviveTotemRecipe.java:61: 
error: getSerializer() in ReviveTotemRecipe cannot override getSerializer() in SpecialCraftingRecipe
      public RecipeSerializer<?> getSerializer() {
                                 ^
    return type RecipeSerializer<?> is not compatible with RecipeSerializer<? extends SpecialCraftingRecipe>
  C:\Users\eirik\.gemini\antigravity\scratch\lifesteal\src\main\java\com\lifesteal\items\ReviveTotemRecipe.java:15: 
error: ReviveTotemRecipe is not abstract and does not override abstract method getSerializer() in SpecialCraftingRecipe
  public class ReviveTotemRecipe extends SpecialCraftingRecipe {
         ^
  C:\Users\eirik\.gemini\antigravity\scratch\lifesteal\src\main\java\com\lifesteal\combatlog\CombatDummy.java:37: 
error: incompatible types: RegistryKey<VillagerType> cannot be converted to RegistryEntry<VillagerType>
          dummy.setVillagerData(dummy.getVillagerData().withType(VillagerType.JUNGLE));
                                                                             ^
  C:\Users\eirik\.gemini\antigravity\scratch\lifesteal\src\main\java\com\lifesteal\combatlog\CombatDummy.java:73: 
error: incompatible types: Optional<NbtCompound> cannot be converted to NbtCompound
              NbtCompound itemNbt = lootList.getCompound(i);
                                                        ^
  C:\Users\eirik\.gemini\antigravity\scratch\lifesteal\src\main\java\com\lifesteal\combatlog\CombatDummy.java:121: 
error: incompatible types: Optional<NbtCompound> cannot be converted to NbtCompound
                              NbtCompound itemNbt = lootList.getCompound(i);
                                                                        ^
  C:\Users\eirik\.gemini\antigravity\scratch\lifesteal\src\main\java\com\lifesteal\combatlog\CombatDummy.java:122: 
error: incompatible types: Optional<Integer> cannot be converted to int
                              int slot = itemNbt.getInt("Slot");
                                                       ^
  C:\Users\eirik\.gemini\antigravity\scratch\lifesteal\src\main\java\com\lifesteal\commands\LifestealCommand.java:28: 
error: incompatible types: Collection<PlayerConfigEntry> cannot be converted to Collection<GameProfile>
                              .executes(context -> gift(context.getSource(), 
GameProfileArgumentType.getProfileArgument(context, "player"), IntegerArgumentType.getInteger(context, "amount"))))))
                                                                                                                       
^
  C:\Users\eirik\.gemini\antigravity\scratch\lifesteal\src\main\java\com\lifesteal\commands\LifestealCommand.java:31: 
error: incompatible types: int cannot be converted to PermissionCheck
                      .requires(CommandManager.requirePermissionLevel(2))
                                                                      ^
  C:\Users\eirik\.gemini\antigravity\scratch\lifesteal\src\main\java\com\lifesteal\commands\LifestealCommand.java:37: 
error: incompatible types: int cannot be converted to PermissionCheck
                      .requires(CommandManager.requirePermissionLevel(2))
                                                                      ^
  C:\Users\eirik\.gemini\antigravity\scratch\lifesteal\src\main\java\com\lifesteal\commands\LifestealCommand.java:43: 
error: incompatible types: int cannot be converted to PermissionCheck
                      .requires(CommandManager.requirePermissionLevel(2))
                                                                      ^
  C:\Users\eirik\.gemini\antigravity\scratch\lifesteal\src\main\java\com\lifesteal\commands\LifestealCommand.java:49: 
error: incompatible types: int cannot be converted to PermissionCheck
                      .requires(CommandManager.requirePermissionLevel(2))
                                                                      ^
  C:\Users\eirik\.gemini\antigravity\scratch\lifesteal\src\main\java\com\lifesteal\commands\LifestealCommand.java:54: 
error: incompatible types: int cannot be converted to PermissionCheck
                      .requires(CommandManager.requirePermissionLevel(2))
                                                                      ^
  C:\Users\eirik\.gemini\antigravity\scratch\lifesteal\src\main\java\com\lifesteal\commands\LifestealCommand.java:59: 
error: incompatible types: int cannot be converted to PermissionCheck
                      .requires(CommandManager.requirePermissionLevel(2))
                                                                      ^
  C:\Users\eirik\.gemini\antigravity\scratch\lifesteal\src\main\java\com\lifesteal\commands\LifestealCommand.java:161: 
error: incompatible types: GameProfile cannot be converted to PlayerConfigEntry
              if (source.getServer().getPlayerManager().getUserBanList().contains(profile)) {
                                                                                  ^
  C:\Users\eirik\.gemini\antigravity\scratch\lifesteal\src\main\java\com\lifesteal\hearts\HeartManager.java:89: error: 
incompatible types: GameProfile cannot be converted to PlayerConfigEntry
          BannedPlayerEntry entry = new BannedPlayerEntry(profile, Instant.now(), "LifestealMod", null, 
reason.getString());
                                                          ^
  
C:\Users\eirik\.gemini\antigravity\scratch\lifesteal\src\main\java\com\lifesteal\hearts\HeartPersistentState.java:65: 
error: incompatible types: Optional<NbtCompound> cannot be converted to NbtCompound
          NbtCompound heartData = nbt.getCompound("playerHearts");
                                                 ^
  
C:\Users\eirik\.gemini\antigravity\scratch\lifesteal\src\main\java\com\lifesteal\hearts\HeartPersistentState.java:69: 
error: incompatible types: Optional<Integer> cannot be converted to Integer
                  state.heartMap.put(uuid, heartData.getInt(key)); 
                                                           ^
  
C:\Users\eirik\.gemini\antigravity\scratch\lifesteal\src\main\java\com\lifesteal\hearts\HeartPersistentState.java:73: 
error: incompatible types: Optional<NbtCompound> cannot be converted to NbtCompound
          NbtCompound killData = nbt.getCompound("playerKills");
                                                ^
  
C:\Users\eirik\.gemini\antigravity\scratch\lifesteal\src\main\java\com\lifesteal\hearts\HeartPersistentState.java:77: 
error: incompatible types: Optional<Integer> cannot be converted to Integer
                  state.killMap.put(uuid, killData.getInt(key)); 
                                                         ^
  
C:\Users\eirik\.gemini\antigravity\scratch\lifesteal\src\main\java\com\lifesteal\hearts\HeartPersistentState.java:81: 
error: incompatible types: Optional<NbtCompound> cannot be converted to NbtCompound
          NbtCompound streakData = nbt.getCompound("playerStreaks");
                                                  ^
  
C:\Users\eirik\.gemini\antigravity\scratch\lifesteal\src\main\java\com\lifesteal\hearts\HeartPersistentState.java:85: 
error: incompatible types: Optional<Integer> cannot be converted to Integer
                  state.streakMap.put(uuid, streakData.getInt(key)); 
                                                             ^
  C:\Users\eirik\.gemini\antigravity\scratch\lifesteal\src\main\java\com\lifesteal\items\HeartItem.java:16: error: 
cannot find symbol
  import net.minecraft.util.TypedActionResult;
                           ^
    symbol:   class TypedActionResult
    location: package net.minecraft.util
  C:\Users\eirik\.gemini\antigravity\scratch\lifesteal\src\main\java\com\lifesteal\items\HeartItem.java:25: error: 
cannot find symbol
      public TypedActionResult<ItemStack> use(World world, PlayerEntity user, Hand hand) {
             ^
    symbol:   class TypedActionResult
    location: class HeartItem
  C:\Users\eirik\.gemini\antigravity\scratch\lifesteal\src\main\java\com\lifesteal\items\ModRecipes.java:5: error: 
cannot find symbol
  import net.minecraft.recipe.SpecialRecipeSerializer;
                             ^
    symbol:   class SpecialRecipeSerializer
    location: package net.minecraft.recipe
  C:\Users\eirik\.gemini\antigravity\scratch\lifesteal\src\main\java\com\lifesteal\items\ReviveTotemItem.java:12: 
error: cannot find symbol
  import net.minecraft.util.TypedActionResult;
                           ^
    symbol:   class TypedActionResult
    location: package net.minecraft.util
  C:\Users\eirik\.gemini\antigravity\scratch\lifesteal\src\main\java\com\lifesteal\items\ReviveTotemItem.java:21: 
error: cannot find symbol
      public TypedActionResult<ItemStack> use(World world, PlayerEntity user, Hand hand) {
                                                           ^
    symbol:   class PlayerEntity
    location: class ReviveTotemItem
  C:\Users\eirik\.gemini\antigravity\scratch\lifesteal\src\main\java\com\lifesteal\items\ReviveTotemItem.java:21: 
error: cannot find symbol
      public TypedActionResult<ItemStack> use(World world, PlayerEntity user, Hand hand) {
             ^
    symbol:   class TypedActionResult
    location: class ReviveTotemItem
  C:\Users\eirik\.gemini\antigravity\scratch\lifesteal\src\main\java\com\lifesteal\events\EventWiring.java:22: error: 
cannot find symbol
                      HeartPersistentState state = HeartPersistentState.getServerState(killer.getServer());
                      ^
    symbol:   class HeartPersistentState
    location: class EventWiring
  C:\Users\eirik\.gemini\antigravity\scratch\lifesteal\src\main\java\com\lifesteal\events\EventWiring.java:22: error: 
cannot find symbol
                      HeartPersistentState state = HeartPersistentState.getServerState(killer.getServer());
                                                   ^
    symbol:   variable HeartPersistentState
    location: class EventWiring
  C:\Users\eirik\.gemini\antigravity\scratch\lifesteal\src\main\java\com\lifesteal\events\EventWiring.java:23: error: 
cannot find symbol
                      UUID victimUuid = victim.getUuid();
                      ^
    symbol:   class UUID
    location: class EventWiring
  C:\Users\eirik\.gemini\antigravity\scratch\lifesteal\src\main\java\com\lifesteal\events\EventWiring.java:24: error: 
cannot find symbol
                      UUID killerUuid = killer.getUuid();
                      ^
    symbol:   class UUID
    location: class EventWiring
  C:\Users\eirik\.gemini\antigravity\scratch\lifesteal\src\main\java\com\lifesteal\events\EventWiring.java:48: error: 
cannot find symbol
                      HeartPersistentState state = HeartPersistentState.getServerState(victim.getServer());
                      ^
    symbol:   class HeartPersistentState
    location: class EventWiring
  C:\Users\eirik\.gemini\antigravity\scratch\lifesteal\src\main\java\com\lifesteal\events\EventWiring.java:48: error: 
cannot find symbol
                      HeartPersistentState state = HeartPersistentState.getServerState(victim.getServer());
                                                   ^
    symbol:   variable HeartPersistentState
    location: class EventWiring
  
C:\Users\eirik\.gemini\antigravity\scratch\lifesteal\src\main\java\com\lifesteal\hearts\HeartPersistentState.java:96: 
error: cannot find symbol
              new PersistentState.Type<>(
                                 ^
    symbol:   class Type
    location: class PersistentState
  C:\Users\eirik\.gemini\antigravity\scratch\lifesteal\src\main\java\com\lifesteal\items\HeartItem.java:48: error: 
cannot find symbol
                          return TypedActionResult.success(stack);
                                 ^
    symbol:   variable TypedActionResult
    location: class HeartItem
  C:\Users\eirik\.gemini\antigravity\scratch\lifesteal\src\main\java\com\lifesteal\items\HeartItem.java:54: error: 
cannot find symbol
          return TypedActionResult.pass(stack);
                 ^
    symbol:   variable TypedActionResult
    location: class HeartItem
  C:\Users\eirik\.gemini\antigravity\scratch\lifesteal\src\main\java\com\lifesteal\items\ModRecipes.java:11: error: 
cannot find symbol
      public static final RecipeSerializer<ReviveTotemRecipe> REVIVE_TOTEM_SERIALIZER = new 
SpecialRecipeSerializer<>(ReviveTotemRecipe::new);
                                                                                            ^
    symbol:   class SpecialRecipeSerializer
    location: class ModRecipes
  C:\Users\eirik\.gemini\antigravity\scratch\lifesteal\src\main\java\com\lifesteal\items\ReviveTotemItem.java:32: 
error: cannot find symbol
                          return TypedActionResult.success(stack);
                                 ^
    symbol:   variable TypedActionResult
    location: class ReviveTotemItem
  C:\Users\eirik\.gemini\antigravity\scratch\lifesteal\src\main\java\com\lifesteal\items\ReviveTotemItem.java:38: 
error: cannot find symbol
          return TypedActionResult.pass(stack);
                 ^
    symbol:   variable TypedActionResult
    location: class ReviveTotemItem
  
C:\Users\eirik\.gemini\antigravity\scratch\lifesteal\src\main\java\com\lifesteal\hearts\HeartPersistentState.java:45: 
error: method does not override or implement a method from a supertype
      @Override
      ^
  C:\Users\eirik\.gemini\antigravity\scratch\lifesteal\src\main\java\com\lifesteal\items\ReviveTotemRecipe.java:55: 
error: method does not override or implement a method from a supertype
      @Override
      ^
  C:\Users\eirik\.gemini\antigravity\scratch\lifesteal\src\main\java\com\lifesteal\items\ReviveTotemRecipe.java:60: 
error: method does not override or implement a method from a supertype
      @Override
      ^
  Note: Some messages have been simplified; recompile with -Xdiags:verbose to get full output
  C:\Users\eirik\.gemini\antigravity\scratch\lifesteal\src\main\java\com\lifesteal\combatlog\CombatDummy.java:29: 
error: cannot find symbol
          ServerWorld world = (ServerWorld) player.getWorld();
                                                  ^
    symbol:   method getWorld()
    location: variable player of type ServerPlayerEntity
  C:\Users\eirik\.gemini\antigravity\scratch\lifesteal\src\main\java\com\lifesteal\combatlog\CombatDummy.java:41: 
error: cannot find symbol
          lifestealData.putUuid("owner", player.getUuid());
                       ^
    symbol:   method putUuid(String,UUID)
    location: variable lifestealData of type NbtCompound
  C:\Users\eirik\.gemini\antigravity\scratch\lifesteal\src\main\java\com\lifesteal\combatlog\CombatDummy.java:49: 
error: cannot find symbol
                  NbtCompound itemNbt = (NbtCompound) stack.encode(player.getRegistryManager());
                                                           ^
    symbol:   method encode(DynamicRegistryManager)
    location: variable stack of type ItemStack
  C:\Users\eirik\.gemini\antigravity\scratch\lifesteal\src\main\java\com\lifesteal\combatlog\CombatDummy.java:56: 
error: cannot find symbol
          dummy.set(DataComponentTypes.CUSTOM_DATA, NbtComponent.of(lifestealData));
               ^
    symbol:   method set(ComponentType<NbtComponent>,NbtComponent)
    location: variable dummy of type VillagerEntity
  C:\Users\eirik\.gemini\antigravity\scratch\lifesteal\src\main\java\com\lifesteal\combatlog\CombatDummy.java:68: 
error: cannot find symbol
          UUID ownerUuid = lifestealData.getUuid("owner");
                                        ^
    symbol:   method getUuid(String)
    location: variable lifestealData of type NbtCompound
  C:\Users\eirik\.gemini\antigravity\scratch\lifesteal\src\main\java\com\lifesteal\combatlog\CombatDummy.java:69: 
error: cannot find symbol
          MinecraftServer server = dummy.getServer();
                                        ^
    symbol:   method getServer()
    location: variable dummy of type VillagerEntity
  C:\Users\eirik\.gemini\antigravity\scratch\lifesteal\src\main\java\com\lifesteal\combatlog\CombatDummy.java:74: 
error: cannot find symbol
              ItemStack.fromNbtOrEmpty(dummy.getRegistryManager(), itemNbt); // Wait, this returns an ItemStack
                       ^
    symbol:   method fromNbtOrEmpty(DynamicRegistryManager,NbtCompound)
    location: class ItemStack
  C:\Users\eirik\.gemini\antigravity\scratch\lifesteal\src\main\java\com\lifesteal\combatlog\CombatDummy.java:75: 
error: cannot find symbol
              dummy.dropStack(ItemStack.fromNbtOrEmpty(dummy.getRegistryManager(), itemNbt));
                                       ^
    symbol:   method fromNbtOrEmpty(DynamicRegistryManager,NbtCompound)
    location: class ItemStack
  C:\Users\eirik\.gemini\antigravity\scratch\lifesteal\src\main\java\com\lifesteal\combatlog\CombatDummy.java:91: 
error: cannot find symbol
                  server.getUserCache().getByUuid(ownerUuid).orElse(null), 
                        ^
    symbol:   method getUserCache()
    location: variable server of type MinecraftServer
  C:\Users\eirik\.gemini\antigravity\scratch\lifesteal\src\main\java\com\lifesteal\combatlog\CombatDummy.java:110: 
error: cannot find symbol
          ServerWorld world = (ServerWorld) player.getWorld();
                                                  ^
    symbol:   method getWorld()
    location: variable player of type ServerPlayerEntity
  C:\Users\eirik\.gemini\antigravity\scratch\lifesteal\src\main\java\com\lifesteal\combatlog\CombatDummy.java:118: 
error: cannot find symbol
                      if (lifesteal.getBoolean("combatlog") && lifesteal.getUuid("owner").equals(uuid)) {
                                                                        ^
    symbol:   method getUuid(String)
    location: variable lifesteal of type NbtCompound
  C:\Users\eirik\.gemini\antigravity\scratch\lifesteal\src\main\java\com\lifesteal\combatlog\CombatDummy.java:123: 
error: cannot find symbol
                              ItemStack stack = ItemStack.fromNbtOrEmpty(player.getRegistryManager(), itemNbt);
                                                         ^
    symbol:   method fromNbtOrEmpty(DynamicRegistryManager,NbtCompound)
    location: class ItemStack
  C:\Users\eirik\.gemini\antigravity\scratch\lifesteal\src\main\java\com\lifesteal\events\EventWiring.java:22: error: 
cannot find symbol
                      HeartPersistentState state = HeartPersistentState.getServerState(killer.getServer());
                                                                                             ^
    symbol:   method getServer()
    location: variable killer of type ServerPlayerEntity
  C:\Users\eirik\.gemini\antigravity\scratch\lifesteal\src\main\java\com\lifesteal\events\EventWiring.java:48: error: 
cannot find symbol
                      HeartPersistentState state = HeartPersistentState.getServerState(victim.getServer());
                                                                                             ^
    symbol:   method getServer()
    location: variable victim of type ServerPlayerEntity
  C:\Users\eirik\.gemini\antigravity\scratch\lifesteal\src\main\java\com\lifesteal\hearts\HeartManager.java:26: error: 
cannot find symbol
          HeartPersistentState state = HeartPersistentState.getServerState(player.getServer());
                                                                                 ^
    symbol:   method getServer()
    location: variable player of type ServerPlayerEntity
  C:\Users\eirik\.gemini\antigravity\scratch\lifesteal\src\main\java\com\lifesteal\hearts\HeartManager.java:55: error: 
cannot find symbol
          HeartPersistentState state = HeartPersistentState.getServerState(player.getServer());
                                                                                 ^
    symbol:   method getServer()
    location: variable player of type ServerPlayerEntity
  C:\Users\eirik\.gemini\antigravity\scratch\lifesteal\src\main\java\com\lifesteal\hearts\HeartManager.java:80: error: 
cannot find symbol
          MinecraftServer server = player.getServer();
                                         ^
    symbol:   method getServer()
    location: variable player of type ServerPlayerEntity
  C:\Users\eirik\.gemini\antigravity\scratch\lifesteal\src\main\java\com\lifesteal\hearts\HeartManager.java:102: 
error: cannot find symbol
          state.setHearts(profile.getId(), 4);
                                 ^
    symbol:   method getId()
    location: variable profile of type GameProfile
  C:\Users\eirik\.gemini\antigravity\scratch\lifesteal\src\main\java\com\lifesteal\items\ReviveGui.java:19: error: 
cannot find symbol
          Collection<GameProfile> bannedProfiles = 
player.getServer().getPlayerManager().getUserBanList().values().stream()
                                                         ^
    symbol:   method getServer()
    location: variable player of type ServerPlayerEntity
  C:\Users\eirik\.gemini\antigravity\scratch\lifesteal\src\main\java\com\lifesteal\items\ReviveGui.java:51: error: 
cannot find symbol
                      HeartManager.revivePlayer(player.getServer(), target);
                                                      ^
    symbol:   method getServer()
    location: variable player of type ServerPlayerEntity
  66 errors

* Try:
> Check your code and dependencies to fix the compilation error(s)
> Run with --scan to get full insights from a Build Scan (powered by Develocity).

BUILD FAILED in 1s

Deprecated Gradle features were used in this build, making it incompatible with Gradle 10.

You can use '--warning-mode all' to show the individual deprecation warnings and determine if they come from your own scripts or plugins.

For more on this, please refer to https://docs.gradle.org/9.4.1/userguide/command_line_interface.html#sec:command_line_warnings in the Gradle documentation.
1 actionable task: 1 executed
